// Jest Snapshot v1, https://goo.gl/fbAQLP

exports[`Snapshot Renders component with switch off feature 1`] = `
<Snapshot
  isFeatureToggled={false}
>
  <h1>
    Test name: snapshot
  </h1>
  <p>
    This time feature is switch off
  </p>
</Snapshot>
`;
